// Jest Snapshot v1, https://goo.gl/fbAQLP

exports[`VideoListItem should render and match snapshot 1`] = `
<div
  className="videoListItem"
>
  <img
    alt="thumbnail"
    className="videoListItem__thumbnail"
    src="THUMBNAIL_URL"
  />
  <div
    className="videoListItem__title"
  >
    VIDEO_TITLE
  </div>
  <div
    className="videoListItem__channel"
  >
    CHANNEL_TITLE
  </div>
  <div
    className="videoListItem__time"
  >
    DISPLAY_DATE
  </div>
</div>
`;
