// Jest Snapshot v1, https://goo.gl/fbAQLP

exports[`PopularSearches should render and match snapshot 1`] = `
<div>
  <div
    className="popularSearches"
  >
    <div
      className="popularSearches__label"
    >
      Popular Searches
    </div>
    <div
      className="popularSearches__items"
      key="0"
    >
      <Chip
        onClick={[Function]}
        text="All Recommendations"
      />
    </div>
    <div
      className="popularSearches__items"
      key="1"
    >
      <Chip
        onClick={[Function]}
        text="Sushant Singh Rajput"
      />
    </div>
    <div
      className="popularSearches__items"
      key="2"
    >
      <Chip
        onClick={[Function]}
        text="Comedy"
      />
    </div>
    <div
      className="popularSearches__items"
      key="3"
    >
      <Chip
        onClick={[Function]}
        text="Thrillers"
      />
    </div>
    <div
      className="popularSearches__items"
      key="4"
    >
      <Chip
        onClick={[Function]}
        text="Spookiz"
      />
    </div>
    <div
      className="popularSearches__items"
      key="5"
    >
      <Chip
        onClick={[Function]}
        text="TED Talks"
      />
    </div>
  </div>
</div>
`;
