// Jest Snapshot v1, https://goo.gl/fbAQLP

exports[`SearchResult should render and match snapshot 1`] = `
<div
  className="searchResult"
>
  <VideoListItem
    key="0"
  />
  <VideoListItem
    key="1"
  />
  <VideoListItem
    key="2"
  />
  <VideoListItem
    key="3"
  />
  <VideoListItem
    key="4"
  />
  <VideoListItem
    key="5"
  />
  <VideoListItem
    key="6"
  />
</div>
`;
